      ~/cod/fso-part12-containers-applications/script-answers     main ⇡1 ─ 11:40:47 PM   
❯ docker start -i confident_greider
root@c35b1cd3b7a0:/# apt update
Get:1 http://ports.ubuntu.com/ubuntu-ports jammy InRelease [270 kB]
Get:2 http://ports.ubuntu.com/ubuntu-ports jammy-updates InRelease [119 kB]
Get:3 http://ports.ubuntu.com/ubuntu-ports jammy-backports InRelease [109 kB]
Get:4 http://ports.ubuntu.com/ubuntu-ports jammy-security InRelease [110 kB]
Get:5 http://ports.ubuntu.com/ubuntu-ports jammy/multiverse arm64 Packages [224 kB]
Get:6 http://ports.ubuntu.com/ubuntu-ports jammy/restricted arm64 Packages [24.2 kB]
Get:7 http://ports.ubuntu.com/ubuntu-ports jammy/universe arm64 Packages [17.2 MB]
Get:8 http://ports.ubuntu.com/ubuntu-ports jammy/main arm64 Packages [1758 kB]
Get:9 http://ports.ubuntu.com/ubuntu-ports jammy-updates/universe arm64 Packages [1163 kB]
Get:10 http://ports.ubuntu.com/ubuntu-ports jammy-updates/restricted arm64 Packages [847 kB]
Get:11 http://ports.ubuntu.com/ubuntu-ports jammy-updates/main arm64 Packages [1226 kB]
Get:12 http://ports.ubuntu.com/ubuntu-ports jammy-updates/multiverse arm64 Packages [27.8 kB]
Get:13 http://ports.ubuntu.com/ubuntu-ports jammy-backports/universe arm64 Packages [30.7 kB]
Get:14 http://ports.ubuntu.com/ubuntu-ports jammy-backports/main arm64 Packages [77.8 kB]
Get:15 http://ports.ubuntu.com/ubuntu-ports jammy-security/universe arm64 Packages [902 kB]
Get:16 http://ports.ubuntu.com/ubuntu-ports jammy-security/multiverse arm64 Packages [23.4 kB]
Get:17 http://ports.ubuntu.com/ubuntu-ports jammy-security/main arm64 Packages [964 kB]
Get:18 http://ports.ubuntu.com/ubuntu-ports jammy-security/restricted arm64 Packages [840 kB]
Fetched 25.9 MB in 5s (4999 kB/s)                        
Reading package lists... Done
Building dependency tree... Done
Reading state information... Done
All packages are up to date.
root@c35b1cd3b7a0:/# apt install nano
Reading package lists... Done
Building dependency tree... Done
Reading state information... Done
Suggested packages:
  hunspell
The following NEW packages will be installed:
  nano
0 upgraded, 1 newly installed, 0 to remove and 0 not upgraded.
Need to get 277 kB of archives.
After this operation, 872 kB of additional disk space will be used.
Get:1 http://ports.ubuntu.com/ubuntu-ports jammy/main arm64 nano arm64 6.2-1 [277 kB]
Fetched 277 kB in 1s (300 kB/s)
debconf: delaying package configuration, since apt-utils is not installed
Selecting previously unselected package nano.
(Reading database ... 4389 files and directories currently installed.)
Preparing to unpack .../archives/nano_6.2-1_arm64.deb ...
Unpacking nano (6.2-1) ...
Setting up nano (6.2-1) ...
update-alternatives: using /bin/nano to provide /usr/bin/editor (editor) in auto mode
update-alternatives: warning: skip creation of /usr/share/man/man1/editor.1.gz because associated file /usr/share/man/man1/nano.1.gz (of link group editor) doesn't exist
update-alternatives: using /bin/nano to provide /usr/bin/pico (pico) in auto mode
update-alternatives: warning: skip creation of /usr/share/man/man1/pico.1.gz because associated file /usr/share/man/man1/nano.1.gz (of link group pico) doesn't exist
root@c35b1cd3b7a0:/# nano /usr/src/app/index.js
root@c35b1cd3b7a0:/# cat /usr/src/app/index.js 
console.log('Hello World')
root@c35b1cd3b7a0:/# apt install node
Reading package lists... Done
Building dependency tree... Done
Reading state information... Done
E: Unable to locate package node
root@c35b1cd3b7a0:/# curl -sL https://deb.nodesource.com/setup_16.x | bash
bash: curl: command not found
root@c35b1cd3b7a0:/# apt install curl
Reading package lists... Done
Building dependency tree... Done
Reading state information... Done
The following additional packages will be installed:
  ca-certificates libbrotli1 libcurl4 libldap-2.5-0 libldap-common libnghttp2-14
  libpsl5 librtmp1 libsasl2-2 libsasl2-modules libsasl2-modules-db libssh-4
  openssl publicsuffix
Suggested packages:
  libsasl2-modules-gssapi-mit | libsasl2-modules-gssapi-heimdal
  libsasl2-modules-ldap libsasl2-modules-otp libsasl2-modules-sql
The following NEW packages will be installed:
  ca-certificates curl libbrotli1 libcurl4 libldap-2.5-0 libldap-common
  libnghttp2-14 libpsl5 librtmp1 libsasl2-2 libsasl2-modules libsasl2-modules-db
  libssh-4 openssl publicsuffix
0 upgraded, 15 newly installed, 0 to remove and 0 not upgraded.
Need to get 2956 kB of archives.
After this operation, 6842 kB of additional disk space will be used.
Do you want to continue? [Y/n] y
Get:1 http://ports.ubuntu.com/ubuntu-ports jammy-updates/main arm64 openssl arm64 3.0.2-0ubuntu1.10 [1164 kB]
Get:2 http://ports.ubuntu.com/ubuntu-ports jammy-updates/main arm64 ca-certificates all 20230311ubuntu0.22.04.1 [155 kB]
Get:3 http://ports.ubuntu.com/ubuntu-ports jammy/main arm64 libnghttp2-14 arm64 1.43.0-1build3 [75.4 kB]
Get:4 http://ports.ubuntu.com/ubuntu-ports jammy/main arm64 libpsl5 arm64 0.21.0-1.2build2 [58.3 kB]
Get:5 http://ports.ubuntu.com/ubuntu-ports jammy/main arm64 publicsuffix all 20211207.1025-1 [129 kB]
Get:6 http://ports.ubuntu.com/ubuntu-ports jammy/main arm64 libbrotli1 arm64 1.0.9-2build6 [314 kB]
Get:7 http://ports.ubuntu.com/ubuntu-ports jammy-updates/main arm64 libsasl2-modules-db arm64 2.1.27+dfsg2-3ubuntu1.2 [21.1 kB]
Get:8 http://ports.ubuntu.com/ubuntu-ports jammy-updates/main arm64 libsasl2-2 arm64 2.1.27+dfsg2-3ubuntu1.2 [55.6 kB]
Get:9 http://ports.ubuntu.com/ubuntu-ports jammy-updates/main arm64 libldap-2.5-0 arm64 2.5.16+dfsg-0ubuntu0.22.04.1 [181 kB]
Get:10 http://ports.ubuntu.com/ubuntu-ports jammy/main arm64 librtmp1 arm64 2.4+20151223.gitfa8646d.1-2build4 [59.2 kB]
Get:11 http://ports.ubuntu.com/ubuntu-ports jammy-updates/main arm64 libssh-4 arm64 0.9.6-2ubuntu0.22.04.1 [184 kB]
Get:12 http://ports.ubuntu.com/ubuntu-ports jammy-updates/main arm64 libcurl4 arm64 7.81.0-1ubuntu1.14 [285 kB]
Get:13 http://ports.ubuntu.com/ubuntu-ports jammy-updates/main arm64 curl arm64 7.81.0-1ubuntu1.14 [190 kB]
Get:14 http://ports.ubuntu.com/ubuntu-ports jammy-updates/main arm64 libldap-common all 2.5.16+dfsg-0ubuntu0.22.04.1 [15.8 kB]
Get:15 http://ports.ubuntu.com/ubuntu-ports jammy-updates/main arm64 libsasl2-modules arm64 2.1.27+dfsg2-3ubuntu1.2 [68.4 kB]
Fetched 2956 kB in 3s (1063 kB/s)          
debconf: delaying package configuration, since apt-utils is not installed
Selecting previously unselected package openssl.
(Reading database ... 4462 files and directories currently installed.)
Preparing to unpack .../00-openssl_3.0.2-0ubuntu1.10_arm64.deb ...
Unpacking openssl (3.0.2-0ubuntu1.10) ...
Selecting previously unselected package ca-certificates.
Preparing to unpack .../01-ca-certificates_20230311ubuntu0.22.04.1_all.deb ...
Unpacking ca-certificates (20230311ubuntu0.22.04.1) ...
Selecting previously unselected package libnghttp2-14:arm64.
Preparing to unpack .../02-libnghttp2-14_1.43.0-1build3_arm64.deb ...
Unpacking libnghttp2-14:arm64 (1.43.0-1build3) ...
Selecting previously unselected package libpsl5:arm64.
Preparing to unpack .../03-libpsl5_0.21.0-1.2build2_arm64.deb ...
Unpacking libpsl5:arm64 (0.21.0-1.2build2) ...
Selecting previously unselected package publicsuffix.
Preparing to unpack .../04-publicsuffix_20211207.1025-1_all.deb ...
Unpacking publicsuffix (20211207.1025-1) ...
Selecting previously unselected package libbrotli1:arm64.
Preparing to unpack .../05-libbrotli1_1.0.9-2build6_arm64.deb ...
Unpacking libbrotli1:arm64 (1.0.9-2build6) ...
Selecting previously unselected package libsasl2-modules-db:arm64.
Preparing to unpack .../06-libsasl2-modules-db_2.1.27+dfsg2-3ubuntu1.2_arm64.deb ...
Unpacking libsasl2-modules-db:arm64 (2.1.27+dfsg2-3ubuntu1.2) ...
Selecting previously unselected package libsasl2-2:arm64.
Preparing to unpack .../07-libsasl2-2_2.1.27+dfsg2-3ubuntu1.2_arm64.deb ...
Unpacking libsasl2-2:arm64 (2.1.27+dfsg2-3ubuntu1.2) ...
Selecting previously unselected package libldap-2.5-0:arm64.
Preparing to unpack .../08-libldap-2.5-0_2.5.16+dfsg-0ubuntu0.22.04.1_arm64.deb ...
Unpacking libldap-2.5-0:arm64 (2.5.16+dfsg-0ubuntu0.22.04.1) ...
Selecting previously unselected package librtmp1:arm64.
Preparing to unpack .../09-librtmp1_2.4+20151223.gitfa8646d.1-2build4_arm64.deb ...
Unpacking librtmp1:arm64 (2.4+20151223.gitfa8646d.1-2build4) ...
Selecting previously unselected package libssh-4:arm64.
Preparing to unpack .../10-libssh-4_0.9.6-2ubuntu0.22.04.1_arm64.deb ...
Unpacking libssh-4:arm64 (0.9.6-2ubuntu0.22.04.1) ...
Selecting previously unselected package libcurl4:arm64.
Preparing to unpack .../11-libcurl4_7.81.0-1ubuntu1.14_arm64.deb ...
Unpacking libcurl4:arm64 (7.81.0-1ubuntu1.14) ...
Selecting previously unselected package curl.
Preparing to unpack .../12-curl_7.81.0-1ubuntu1.14_arm64.deb ...
Unpacking curl (7.81.0-1ubuntu1.14) ...
Selecting previously unselected package libldap-common.
Preparing to unpack .../13-libldap-common_2.5.16+dfsg-0ubuntu0.22.04.1_all.deb ...
Unpacking libldap-common (2.5.16+dfsg-0ubuntu0.22.04.1) ...
Selecting previously unselected package libsasl2-modules:arm64.
Preparing to unpack .../14-libsasl2-modules_2.1.27+dfsg2-3ubuntu1.2_arm64.deb ...
Unpacking libsasl2-modules:arm64 (2.1.27+dfsg2-3ubuntu1.2) ...
Setting up libpsl5:arm64 (0.21.0-1.2build2) ...
Setting up libbrotli1:arm64 (1.0.9-2build6) ...
Setting up libsasl2-modules:arm64 (2.1.27+dfsg2-3ubuntu1.2) ...
Setting up libnghttp2-14:arm64 (1.43.0-1build3) ...
Setting up libldap-common (2.5.16+dfsg-0ubuntu0.22.04.1) ...
Setting up libsasl2-modules-db:arm64 (2.1.27+dfsg2-3ubuntu1.2) ...
Setting up librtmp1:arm64 (2.4+20151223.gitfa8646d.1-2build4) ...
Setting up libsasl2-2:arm64 (2.1.27+dfsg2-3ubuntu1.2) ...
Setting up libssh-4:arm64 (0.9.6-2ubuntu0.22.04.1) ...
Setting up openssl (3.0.2-0ubuntu1.10) ...
Setting up publicsuffix (20211207.1025-1) ...
Setting up libldap-2.5-0:arm64 (2.5.16+dfsg-0ubuntu0.22.04.1) ...
Setting up ca-certificates (20230311ubuntu0.22.04.1) ...
debconf: unable to initialize frontend: Dialog
debconf: (No usable dialog-like program is installed, so the dialog based frontend cannot be used. at /usr/share/perl5/Debconf/FrontEnd/Dialog.pm line 78.)
debconf: falling back to frontend: Readline
debconf: unable to initialize frontend: Readline
debconf: (Can't locate Term/ReadLine.pm in @INC (you may need to install the Term::ReadLine module) (@INC contains: /etc/perl /usr/local/lib/aarch64-linux-gnu/perl/5.34.0 /usr/local/share/perl/5.34.0 /usr/lib/aarch64-linux-gnu/perl5/5.34 /usr/share/perl5 /usr/lib/aarch64-linux-gnu/perl-base /usr/lib/aarch64-linux-gnu/perl/5.34 /usr/share/perl/5.34 /usr/local/lib/site_perl) at /usr/share/perl5/Debconf/FrontEnd/Readline.pm line 7.)
debconf: falling back to frontend: Teletype
Updating certificates in /etc/ssl/certs...
137 added, 0 removed; done.
Setting up libcurl4:arm64 (7.81.0-1ubuntu1.14) ...
Setting up curl (7.81.0-1ubuntu1.14) ...
Processing triggers for libc-bin (2.35-0ubuntu3.4) ...
Processing triggers for ca-certificates (20230311ubuntu0.22.04.1) ...
Updating certificates in /etc/ssl/certs...
0 added, 0 removed; done.
Running hooks in /etc/ca-certificates/update.d...
done.
root@c35b1cd3b7a0:/# curl -sL https://deb.nodesource.com/setup_16.x | bash

================================================================================
▓▓▓▓▓▓▓▓▓▓▓▓▓▓▓▓▓▓▓▓▓▓▓▓▓▓▓▓▓▓▓▓▓▓▓▓▓▓▓▓▓▓▓▓▓▓▓▓▓▓▓▓▓▓▓▓▓▓▓▓▓▓▓▓▓▓▓▓▓▓▓▓▓▓▓▓▓▓▓▓
================================================================================

                           SCRIPT DEPRECATION WARNING                    

  
  This script, located at https://deb.nodesource.com/setup_X, used to
  install Node.js is deprecated now and will eventually be made inactive.

  Please visit the NodeSource distributions Github and follow the
  instructions to migrate your repo.
  https://github.com/nodesource/distributions

  The NodeSource Node.js Linux distributions GitHub repository contains
  information about which versions of Node.js and which Linux distributions
  are supported and how to install it.
  https://github.com/nodesource/distributions


                          SCRIPT DEPRECATION WARNING

================================================================================
▓▓▓▓▓▓▓▓▓▓▓▓▓▓▓▓▓▓▓▓▓▓▓▓▓▓▓▓▓▓▓▓▓▓▓▓▓▓▓▓▓▓▓▓▓▓▓▓▓▓▓▓▓▓▓▓▓▓▓▓▓▓▓▓▓▓▓▓▓▓▓▓▓▓▓▓▓▓▓▓
================================================================================

TO AVOID THIS WAIT MIGRATE THE SCRIPT
Continuing in 60 seconds (press Ctrl-C to abort) ...


## Installing the NodeSource Node.js 16.x repo...


## Populating apt-get cache...

+ apt-get update
Hit:1 http://ports.ubuntu.com/ubuntu-ports jammy InRelease
Get:2 http://ports.ubuntu.com/ubuntu-ports jammy-updates InRelease [119 kB]
Hit:3 http://ports.ubuntu.com/ubuntu-ports jammy-backports InRelease
Get:4 http://ports.ubuntu.com/ubuntu-ports jammy-security InRelease [110 kB]
Fetched 229 kB in 1s (164 kB/s)    
Reading package lists... Done

## Installing packages required for setup: lsb-release gnupg...

+ apt-get install -y lsb-release gnupg > /dev/null 2>&1

## Confirming "jammy" is supported...

+ curl -sLf -o /dev/null 'https://deb.nodesource.com/node_16.x/dists/jammy/Release'

## Adding the NodeSource signing key to your keyring...

+ curl -s https://deb.nodesource.com/gpgkey/nodesource.gpg.key | gpg --dearmor | tee /usr/share/keyrings/nodesource.gpg >/dev/null

## Creating apt sources list file for the NodeSource Node.js 16.x repo...

+ echo 'deb [signed-by=/usr/share/keyrings/nodesource.gpg] https://deb.nodesource.com/node_16.x jammy main' > /etc/apt/sources.list.d/nodesource.list
+ echo 'deb-src [signed-by=/usr/share/keyrings/nodesource.gpg] https://deb.nodesource.com/node_16.x jammy main' >> /etc/apt/sources.list.d/nodesource.list

## Running `apt-get update` for you...

+ apt-get update
Get:1 https://deb.nodesource.com/node_16.x jammy InRelease [4583 B]
Get:2 https://deb.nodesource.com/node_16.x jammy/main arm64 Packages [778 B]      
Hit:3 http://ports.ubuntu.com/ubuntu-ports jammy InRelease
Hit:4 http://ports.ubuntu.com/ubuntu-ports jammy-updates InRelease
Hit:5 http://ports.ubuntu.com/ubuntu-ports jammy-backports InRelease
Hit:6 http://ports.ubuntu.com/ubuntu-ports jammy-security InRelease
Fetched 5361 B in 1s (5365 B/s)
Reading package lists... Done

## Run `sudo apt-get install -y nodejs` to install Node.js 16.x and npm
## You may also need development tools to build native addons:
     sudo apt-get install gcc g++ make
## To install the Yarn package manager, run:
     curl -sL https://dl.yarnpkg.com/debian/pubkey.gpg | gpg --dearmor | sudo tee /usr/share/keyrings/yarnkey.gpg >/dev/null
     echo "deb [signed-by=/usr/share/keyrings/yarnkey.gpg] https://dl.yarnpkg.com/debian stable main" | sudo tee /etc/apt/sources.list.d/yarn.list
     sudo apt-get update && sudo apt-get install yarn


root@c35b1cd3b7a0:/# apt install -y nodejs
Reading package lists... Done
Building dependency tree... Done
Reading state information... Done
The following NEW packages will be installed:
  nodejs
0 upgraded, 1 newly installed, 0 to remove and 0 not upgraded.
Need to get 26.6 MB of archives.
After this operation, 128 MB of additional disk space will be used.
Get:1 https://deb.nodesource.com/node_16.x jammy/main arm64 nodejs arm64 16.20.2-deb-1nodesource1 [26.6 MB]
Fetched 26.6 MB in 1s (23.5 MB/s) 
debconf: delaying package configuration, since apt-utils is not installed
Selecting previously unselected package nodejs.
(Reading database ... 6035 files and directories currently installed.)
Preparing to unpack .../nodejs_16.20.2-deb-1nodesource1_arm64.deb ...
Unpacking nodejs (16.20.2-deb-1nodesource1) ...
Setting up nodejs (16.20.2-deb-1nodesource1) ...
root@c35b1cd3b7a0:/# node /usr/src/app/index.js 
Hello World
root@c35b1cd3b7a0:/# 